---
source: crates/tsuno-driver/tests/snapshot_tests.rs
expression: snapshot_output(output)
---
status: Some(1)
stdout:
UNSUPPORTED rejects_body_spec_var_in_ens
  unresolved binding `Y` in function contract
  src/main.rs:2:1: 2:26
UNSUPPORTED main
  callee `rejects_body_spec_var_in_ens` has invalid contract: unresolved binding `Y` in function contract
  src/main.rs:2:1: 2:26

stderr:
