---
source: crates/tsuno-driver/tests/snapshot_tests.rs
expression: snapshot_output(output)
---
status: Some(1)
stdout:
UNSUPPORTED bad_loop
  loop body starting at src/main.rs:2:17: 7:6 requires exactly one //@ inv "..." before the body
  src/main.rs:2:5: 7:6
PASS main
  all assertions discharged

stderr:
