---
source: crates/tsuno-driver/tests/snapshot_tests.rs
assertion_line: 85
expression: snapshot_output(output)
---
status: Some(1)
stdout:
UNSUPPORTED rejects_legacy_function_contract_position
  function contract directives must be placed immediately before the function body
  src/main.rs:3:1: 3:50

stderr:
