---
source: crates/tsuno-driver/tests/snapshot_tests.rs
assertion_line: 85
expression: snapshot_output(output)
---
status: Some(0)
stdout:
PASS partial_move_then_remaining_field_write
  all assertions discharged
PASS partial_move_then_remaining_field_write_three
  all assertions discharged
PASS main
  all assertions discharged

stderr:
