---
source: crates/tsuno-driver/tests/snapshot_tests.rs
expression: snapshot_output(output)
---
status: Some(1)
stdout:
UNSUPPORTED caller
  missing local function contract for `DefId(0:4 ~ fixture[a8c4]::callee)`
  src/main.rs:2:13: 2:21
UNSUPPORTED callee
  //@ assume must be placed immediately before the statement
  src/main.rs:13:2: 13:2
PASS main
  all assertions discharged

stderr:
